// Jest Snapshot v1, https://goo.gl/fbAQLP

exports[`renders if there is Navigation component 1`] = `
<div
  className="top-container"
>
  <div
    className="side"
  >
    <h2>
      Let's do some math!
    </h2>
  </div>
  <div
    className="container"
  >
    <span
      className="display"
      onChange={[Function]}
    >
      0
    </span>
    <button
      onClick={[Function]}
      type="submit"
      value="AC"
    >
      AC
    </button>
    <button
      onClick={[Function]}
      type="submit"
      value="+/-"
    >
      +/-
    </button>
    <button
      onClick={[Function]}
      type="submit"
      value="%"
    >
      %
    </button>
    <button
      className="orange-cl"
      onClick={[Function]}
      type="submit"
      value="รท"
    >
      รท
    </button>
    <button
      onClick={[Function]}
      type="submit"
      value="7"
    >
      7
    </button>
    <button
      onClick={[Function]}
      type="submit"
      value="8"
    >
      8
    </button>
    <button
      onClick={[Function]}
      type="submit"
      value="9"
    >
      9
    </button>
    <button
      className="orange-cl"
      onClick={[Function]}
      type="submit"
      value="x"
    >
      x
    </button>
    <button
      onClick={[Function]}
      type="submit"
      value="4"
    >
      4
    </button>
    <button
      onClick={[Function]}
      type="submit"
      value="5"
    >
      5
    </button>
    <button
      onClick={[Function]}
      type="submit"
      value="6"
    >
      6
    </button>
    <button
      className="orange-cl"
      onClick={[Function]}
      type="submit"
      value="-"
    >
      -
    </button>
    <button
      onClick={[Function]}
      type="submit"
      value="1"
    >
      1
    </button>
    <button
      onClick={[Function]}
      type="submit"
      value="2"
    >
      2
    </button>
    <button
      onClick={[Function]}
      type="submit"
      value="3"
    >
      3
    </button>
    <button
      className="orange-cl"
      onClick={[Function]}
      type="submit"
      value="+"
    >
      +
    </button>
    <button
      className="zero-button"
      onClick={[Function]}
      type="submit"
      value="0"
    >
      0
    </button>
    <button
      onClick={[Function]}
      type="submit"
      value="."
    >
      .
    </button>
    <button
      className="orange-cl"
      onClick={[Function]}
      type="submit"
      value="="
    >
      =
    </button>
  </div>
</div>
`;
