// Jest Snapshot v1, https://goo.gl/fbAQLP

exports[`renders if there is Navigation component 1`] = `
<header
  className="header"
>
  <a
    className="logo"
    href="/"
    onClick={[Function]}
  >
    Math Magicians
  </a>
  <nav>
    <ul>
      <li>
        <a
          href="/"
          onClick={[Function]}
        >
          Home
        </a>
      </li>
      <li>
        <a
          href="/calculator"
          onClick={[Function]}
        >
          Calculator
        </a>
      </li>
      <li>
        <a
          href="/quote"
          onClick={[Function]}
        >
          Quote
        </a>
      </li>
    </ul>
  </nav>
</header>
`;
