// Jest Snapshot v1, https://goo.gl/fbAQLP

exports[`renders if there is Quote 1`] = `
<div
  className="quotecontainer"
>
  <p>
    Mathematics is not about numbers, equations, computations, or algorithms: it is about understanding. -William Paul Thurston
  </p>
</div>
`;
